Budget burn-down
                

╭──────────────────────────────────────────────────────────────────────────────────────────────╮
│ Website                  [############--------] 62%  625.00 / 1000.00 EUR (remaining 375.00) │
╰──────────────────────────────────────────────────────────────────────────────────────────────╯

Esc/b: back to report · q: quit