ClickUp Hours — Report
                      

╭────────────────────────────────────────────────╮
│ Range: July 2026    Scope: team · Members: 2/3 │
╰────────────────────────────────────────────────╯

request failed: 500

clup v1.9.0 available — go install github.com/marcoarnulfo/clickup-cli/cmd/clup@latest

⏱  running on Landing page — 00:12:30