Report July 2026 — scope me — grouped by list — tz UTC
                                                      
  ╭─ Command palette ────────────────╮
0 │ >                                │
  ├──────────────────────────────────┤
ho│ ▸ Grouping                     g │
  │   Change range/scope         m/s │
╭─│   Reload                       r │
│ │   Export                       e │
├─│   Rates                        p │
│ │   Filters                      f │
│ │   Budgets                      b │
│ │   Entries                      v │
╰─╰──────────────────────────────────╯
  billable 12.50h · non-billable 3.00h

↑/↓ move · enter run · esc close …