Billing settings
                
[Lists]  Members   Overrides   Rules 

  List                           Rate Cur       Budget  Source
▸ Website                       50.00 EUR            —  default
  Internal                      50.00 EUR            —  default

Effective for Website: 50.00 EUR

Rate precedence: (list,member) > member > list > default