Billing settings
                
[Lists]  Members   Overrides   Rules 

  List                           Rate Cur       Budget  Source
▸ Website                       50.00 EUR            —  default
  Internal                      50.00 EUR            —  default

Effective for Website: 50.00 EUR

Tab: section · ↑/↓ select · Enter: rate (0: bill at zero) · c: currency · g: budget (submit empty to clear either) · d: use default rate · b: browse lists · s: save · Esc: cancel
Rate precedence: (list,member) > member > list > default