Billing settings
                
 Lists   Members  [Overrides]  Rules 

  List                 Member                       Rate  Instead of
▸ + new (list,member) override

No (list,member) overrides — the most specific level of the precedence.

Rate precedence: (list,member) > member > list > default
A rate of 0 bills at zero — to unset a value instead, submit an empty field.