Report July 2026 — scope me — grouped by list — tz UTC
                                                      

0 billing lines · 16.50h · 625.00 EUR, 200.00 USD

╭───────────────────────────────────────────╮
│ Item            Hours  Billed      Amount │
├───────────────────────────────────────────┤
│ Website         12.50   12.50  625.00 EUR │
│ Internal         3.00    0.00    0.00 EUR │
│ Mobile           4.00    4.00  200.00 USD │
│ TOTAL           19.50   16.50             │
│   subtotal EUR  15.50   12.50  625.00 EUR │
│   subtotal USD   4.00    4.00  200.00 USD │
╰───────────────────────────────────────────╯
  billable 16.50h · non-billable 3.00h