╭───────────────────────────────────────────╮
│ Item            Hours  Billed      Amount │
├───────────────────────────────────────────┤
│ TOTAL           18.00   17.00             │
│   subtotal EUR   7.75    6.75  337.50 EUR │
│   subtotal USD  10.25   10.25  512.50 USD │
╰───────────────────────────────────────────╯