Report July 2026 — scope me — grouped by list — tz UTC
                                                      

0 billing lines · 12.50h · 625.00 EUR

hours/day ▅ ▂▆ ▃█

╭─────────────────────────────────────────────────────────────────────────╮
│ Item                                          Hours  Billed      Amount │
├─────────────────────────────────────────────────────────────────────────┤
│ Website — landing page redesign and checkou…  12.50   12.50  625.00 EUR │
│ Internal                                       3.00    0.00    0.00 EUR │
│ TOTAL                                         15.50   12.50  625.00 EUR │
╰─────────────────────────────────────────────────────────────────────────╯
  billable 12.50h · non-billable 3.00h